// Jest Snapshot v1, https://goo.gl/fbAQLP

exports[`MainScreen snapshot matches snapshot 1`] = `
<View
  style={
    Object {
      "flex": 1,
    }
  }
>
  <View
    style={
      Object {
        "backgroundColor": "#fff",
        "flex": 2,
      }
    }
  >
    <View
      style={
        Object {
          "alignItems": "center",
          "flex": 8,
          "justifyContent": "center",
        }
      }
    >
      <Image
        source={1}
        style={
          Object {
            "alignItems": "center",
            "height": "60%",
            "justifyContent": "center",
            "width": "50%",
          }
        }
      />
    </View>
    <View
      style={
        Object {
          "alignItems": "center",
          "backgroundColor": "#1A1A1A",
          "flex": 2,
          "justifyContent": "center",
          "marginTop": 1,
        }
      }
    >
      <Text
        style={
          Object {
            "color": "white",
            "fontSize": 20,
          }
        }
      >
        귀로 메인 화면
      </Text>
    </View>
  </View>
  <View
    style={
      Object {
        "alignItems": "center",
        "flex": 1,
        "flexDirection": "row",
        "justifyContent": "space-around",
      }
    }
  >
    <View
      accessibilityLabel="left"
      accessible={true}
      isTVSelectable={true}
      onResponderGrant={[Function]}
      onResponderMove={[Function]}
      onResponderRelease={[Function]}
      onResponderTerminate={[Function]}
      onResponderTerminationRequest={[Function]}
      onStartShouldSetResponder={[Function]}
      style={
        Object {
          "alignItems": "center",
          "alignSelf": "stretch",
          "backgroundColor": "#EAEDEC",
          "borderRightColor": "#868e96",
          "borderRightWidth": 0.5,
          "flex": 1,
          "justifyContent": "center",
          "opacity": 1,
        }
      }
    >
      <Text />
    </View>
    <View
      accessibilityLabel="right"
      accessible={true}
      isTVSelectable={true}
      onResponderGrant={[Function]}
      onResponderMove={[Function]}
      onResponderRelease={[Function]}
      onResponderTerminate={[Function]}
      onResponderTerminationRequest={[Function]}
      onStartShouldSetResponder={[Function]}
      style={
        Object {
          "alignItems": "center",
          "alignSelf": "stretch",
          "backgroundColor": "#EAEDEC",
          "borderLeftColor": "#868e96",
          "borderLeftWidth": 0.5,
          "flex": 1,
          "justifyContent": "center",
          "opacity": 1,
        }
      }
    >
      <Text />
    </View>
  </View>
</View>
`;
